Testing models/gemini-1.5-flash...
Failed with models/gemini-1.5-flash: 404 models/gemini-1.5-flash is not found for API version v1beta, or is not supported for generateContent. Call ListModels to see the list of available models and their supported methods.
Testing models/gemini-pro...
Failed with models/gemini-pro: 404 models/gemini-pro is not found for API version v1beta, or is not supported for generateContent. Call ListModels to see the list of available models and their supported methods.
